// Jest Snapshot v1, https://goo.gl/fbAQLP

exports[`renders portal with siblings 1`] = `
Array [
  <Text
    accessible={true}
    allowFontScaling={true}
    ellipsizeMode="tail"
  >
    Outside content
  </Text>,
  <View
    pointerEvents="box-none"
    style={
      Object {
        "bottom": 0,
        "left": 0,
        "position": "absolute",
        "right": 0,
        "top": 0,
      }
    }
  >
    <Text
      accessible={true}
      allowFontScaling={true}
      ellipsizeMode="tail"
    >
      Portal content
    </Text>
  </View>,
]
`;
