// Jest Snapshot v1, https://goo.gl/fbAQLP

exports[`RadioButton on default platform renders properly 1`] = `
<View
  accessibilityRole="button"
  accessibilityStates={Array []}
  accessible={true}
  isTVSelectable={true}
  onResponderGrant={[Function]}
  onResponderMove={[Function]}
  onResponderRelease={[Function]}
  onResponderTerminate={[Function]}
  onResponderTerminationRequest={[Function]}
  onStartShouldSetResponder={[Function]}
  style={
    Array [
      Object {
        "overflow": "hidden",
      },
      Object {
        "borderRadius": 18,
      },
    ]
  }
>
  <View
    style={
      Object {
        "borderColor": "rgba(0, 0, 0, 0.54)",
        "borderRadius": 10,
        "borderWidth": 2,
        "height": 20,
        "margin": 8,
        "width": 20,
      }
    }
  />
</View>
`;

exports[`RadioButton on ios platform renders properly 1`] = `
<View
  accessibilityRole="button"
  accessibilityStates={Array []}
  accessible={true}
  isTVSelectable={true}
  onResponderGrant={[Function]}
  onResponderMove={[Function]}
  onResponderRelease={[Function]}
  onResponderTerminate={[Function]}
  onResponderTerminationRequest={[Function]}
  onStartShouldSetResponder={[Function]}
  style={
    Array [
      Object {
        "overflow": "hidden",
      },
      Object {
        "borderRadius": 18,
        "padding": 6,
      },
    ]
  }
>
  <View
    style={
      Object {
        "opacity": 0,
      }
    }
  >
    <Text
      accessibilityElementsHidden={true}
      allowFontScaling={false}
      importantForAccessibility="no-hide-descendants"
      pointerEvents="none"
      style={
        Array [
          Object {
            "color": "#03dac4",
            "fontSize": 24,
          },
          Array [
            Object {
              "transform": Array [
                Object {
                  "scaleX": 1,
                },
              ],
            },
            Object {
              "backgroundColor": "transparent",
            },
          ],
          Object {
            "fontFamily": "Material Icons",
            "fontStyle": "normal",
            "fontWeight": "normal",
          },
          Object {},
        ]
      }
    >
      
    </Text>
  </View>
</View>
`;

exports[`RadioButton when RadioButton is wrapped by RadioButtonContext.Provider renders properly 1`] = `
<View
  accessibilityRole="button"
  accessibilityStates={Array []}
  accessible={true}
  isTVSelectable={true}
  onResponderGrant={[Function]}
  onResponderMove={[Function]}
  onResponderRelease={[Function]}
  onResponderTerminate={[Function]}
  onResponderTerminationRequest={[Function]}
  onStartShouldSetResponder={[Function]}
  style={
    Array [
      Object {
        "overflow": "hidden",
      },
      Object {
        "borderRadius": 18,
        "padding": 6,
      },
    ]
  }
>
  <View
    style={
      Object {
        "opacity": 0,
      }
    }
  >
    <Text
      accessibilityElementsHidden={true}
      allowFontScaling={false}
      importantForAccessibility="no-hide-descendants"
      pointerEvents="none"
      style={
        Array [
          Object {
            "color": "#03dac4",
            "fontSize": 24,
          },
          Array [
            Object {
              "transform": Array [
                Object {
                  "scaleX": 1,
                },
              ],
            },
            Object {
              "backgroundColor": "transparent",
            },
          ],
          Object {
            "fontFamily": "Material Icons",
            "fontStyle": "normal",
            "fontWeight": "normal",
          },
          Object {},
        ]
      }
    >
      
    </Text>
  </View>
</View>
`;
